# hf-gate-run
# label: t5-red
# command: python -m unittest tests.test_install.ReleaseDocsTests
# started: 2026-07-17T09:23:05+00:00
F
======================================================================
FAIL: test_release_docs_and_metadata_include_install_scripts (tests.test_install.ReleaseDocsTests.test_release_docs_and_metadata_include_install_scripts)
----------------------------------------------------------------------
Traceback (most recent call last):
  File "D:\workspace\harness-flow\tests\test_install.py", line 84, in test_release_docs_and_metadata_include_install_scripts
    self.assertEqual("3.1.0", plugin["version"])
    ~~~~~~~~~~~~~~~~^^^^^^^^^^^^^^^^^^^^^^^^^^^^
AssertionError: '3.1.0' != '3.0.0'
- 3.1.0
?   ^
+ 3.0.0
?   ^


----------------------------------------------------------------------
Ran 1 test in 0.032s

FAILED (failures=1)
# exit: 1
